2026-08-03 11:04:34,805 - aqt.main - INFO - installer 126808914581312 aqtinstall(aqt) v3.3.0 on Python 3.13.12 [CPython GCC 14.3.0]
2026-08-03 11:04:34,806 - aqt.helper - DEBUG - helper 126808914581312 Attempt to download checksum at https://download.qt.io/online/qtsdkrepository/linux_x64/desktop/qt6_6110/qt6_6110/Updates.xml.sha256
2026-08-03 11:04:38,598 - aqt.helper - DEBUG - helper 126808914581312 Attempt to download checksum at https://download.qt.io/online/qtsdkrepository/linux_x64/extensions/qtwebengine/6110/x86_64/Updates.xml.sha256
2026-08-03 11:04:41,699 - aqt.archives - INFO - archives 126808914581312 Found extension qtwebengine
2026-08-03 11:04:41,702 - aqt.helper - DEBUG - helper 126808914581312 Attempt to download checksum at https://download.qt.io/online/qtsdkrepository/linux_x64/extensions/qtpdf/6110/x86_64/Updates.xml.sha256
2026-08-03 11:04:44,871 - aqt.archives - INFO - archives 126808914581312 Found extension qtpdf
2026-08-03 11:04:45,358 - aqt.helper - DEBUG - helper 134378484594496 Attempt to download checksum at https://download.qt.io/online/qtsdkrepository/linux_x64/desktop/qt6_6110/qt6_6110/qt.qt6.6110.linux_gcc_64/6.11.0-0-202603180534qtbase-Linux-RHEL_9_6-GCC-Linux-RHEL_9_6-X86_64.7z.sha256
2026-08-03 11:04:45,371 - aqt.helper - DEBUG - helper 140427515135808 Attempt to download checksum at https://download.qt.io/online/qtsdkrepository/linux_x64/desktop/qt6_6110/qt6_6110/qt.qt6.6110.linux_gcc_64/6.11.0-0-202603180534qtsvg-Linux-RHEL_9_6-GCC-Linux-RHEL_9_6-X86_64.7z.sha256
2026-08-03 11:04:45,371 - aqt.helper - DEBUG - helper 130160612022080 Attempt to download checksum at https://download.qt.io/online/qtsdkrepository/linux_x64/desktop/qt6_6110/qt6_6110/qt.qt6.6110.linux_gcc_64/6.11.0-0-202603180534qtdeclarative-Linux-RHEL_9_6-GCC-Linux-RHEL_9_6-X86_64.7z.sha256
2026-08-03 11:04:45,379 - aqt.helper - DEBUG - helper 139640116946752 Attempt to download checksum at https://download.qt.io/online/qtsdkrepository/linux_x64/desktop/qt6_6110/qt6_6110/qt.qt6.6110.linux_gcc_64/6.11.0-0-202603180534qtdoc-Linux-RHEL_9_6-GCC-Linux-RHEL_9_6-X86_64.7z.sha256
2026-08-03 11:04:46,894 - aqt.helper - INFO - helper 134378484594496 Downloading qtbase...
2026-08-03 11:04:46,897 - aqt.installer - DEBUG - installer 134378484594496 Download URL: https://download.qt.io/online/qtsdkrepository/linux_x64/desktop/qt6_6110/qt6_6110/qt.qt6.6110.linux_gcc_64/6.11.0-0-202603180534qtbase-Linux-RHEL_9_6-GCC-Linux-RHEL_9_6-X86_64.7z
2026-08-03 11:04:46,947 - aqt.helper - INFO - helper 130160612022080 Downloading qtdeclarative...
2026-08-03 11:04:46,948 - aqt.installer - DEBUG - installer 130160612022080 Download URL: https://download.qt.io/online/qtsdkrepository/linux_x64/desktop/qt6_6110/qt6_6110/qt.qt6.6110.linux_gcc_64/6.11.0-0-202603180534qtdeclarative-Linux-RHEL_9_6-GCC-Linux-RHEL_9_6-X86_64.7z
2026-08-03 11:04:46,953 - aqt.helper - INFO - helper 140427515135808 Downloading qtsvg...
2026-08-03 11:04:46,954 - aqt.installer - DEBUG - installer 140427515135808 Download URL: https://download.qt.io/online/qtsdkrepository/linux_x64/desktop/qt6_6110/qt6_6110/qt.qt6.6110.linux_gcc_64/6.11.0-0-202603180534qtsvg-Linux-RHEL_9_6-GCC-Linux-RHEL_9_6-X86_64.7z
2026-08-03 11:04:46,966 - aqt.helper - INFO - helper 139640116946752 Downloading qtdoc...
2026-08-03 11:04:46,967 - aqt.installer - DEBUG - installer 139640116946752 Download URL: https://download.qt.io/online/qtsdkrepository/linux_x64/desktop/qt6_6110/qt6_6110/qt.qt6.6110.linux_gcc_64/6.11.0-0-202603180534qtdoc-Linux-RHEL_9_6-GCC-Linux-RHEL_9_6-X86_64.7z
2026-08-03 11:04:48,497 - aqt.helper - DEBUG - helper 130160612022080 Asked to redirect(302) to: https://qt.mirror.constant.com/online/qtsdkrepository/linux_x64/desktop/qt6_6110/qt6_6110/qt.qt6.6110.linux_gcc_64/6.11.0-0-202603180534qtdeclarative-Linux-RHEL_9_6-GCC-Linux-RHEL_9_6-X86_64.7z
2026-08-03 11:04:48,498 - aqt.helper - INFO - helper 130160612022080 Redirected: qt.mirror.constant.com
2026-08-03 11:04:48,532 - aqt.helper - DEBUG - helper 134378484594496 Asked to redirect(302) to: https://qt.mirror.constant.com/online/qtsdkrepository/linux_x64/desktop/qt6_6110/qt6_6110/qt.qt6.6110.linux_gcc_64/6.11.0-0-202603180534qtbase-Linux-RHEL_9_6-GCC-Linux-RHEL_9_6-X86_64.7z
2026-08-03 11:04:48,534 - aqt.helper - INFO - helper 134378484594496 Redirected: qt.mirror.constant.com
2026-08-03 11:04:48,559 - aqt.helper - DEBUG - helper 139640116946752 Asked to redirect(302) to: https://qt.mirror.constant.com/online/qtsdkrepository/linux_x64/desktop/qt6_6110/qt6_6110/qt.qt6.6110.linux_gcc_64/6.11.0-0-202603180534qtdoc-Linux-RHEL_9_6-GCC-Linux-RHEL_9_6-X86_64.7z
2026-08-03 11:04:48,560 - aqt.helper - INFO - helper 139640116946752 Redirected: qt.mirror.constant.com
2026-08-03 11:04:48,565 - aqt.helper - DEBUG - helper 140427515135808 Asked to redirect(302) to: https://qt.mirror.constant.com/online/qtsdkrepository/linux_x64/desktop/qt6_6110/qt6_6110/qt.qt6.6110.linux_gcc_64/6.11.0-0-202603180534qtsvg-Linux-RHEL_9_6-GCC-Linux-RHEL_9_6-X86_64.7z
2026-08-03 11:04:48,566 - aqt.helper - INFO - helper 140427515135808 Redirected: qt.mirror.constant.com
2026-08-03 11:04:50,568 - aqt.installer - INFO - installer 140427515135808 Finished installation of qtsvg-Linux-RHEL_9_6-GCC-Linux-RHEL_9_6-X86_64.7z in 5.21026883
2026-08-03 11:04:50,603 - aqt.helper - DEBUG - helper 140427515135808 Attempt to download checksum at https://download.qt.io/online/qtsdkrepository/linux_x64/desktop/qt6_6110/qt6_6110/qt.qt6.6110.linux_gcc_64/6.11.0-0-202603180534qttools-Linux-RHEL_9_6-GCC-Linux-RHEL_9_6-X86_64.7z.sha256
2026-08-03 11:04:51,237 - aqt.installer - INFO - installer 139640116946752 Finished installation of qtdoc-Linux-RHEL_9_6-GCC-Linux-RHEL_9_6-X86_64.7z in 5.86403697
2026-08-03 11:04:51,262 - aqt.helper - DEBUG - helper 139640116946752 Attempt to download checksum at https://download.qt.io/online/qtsdkrepository/linux_x64/desktop/qt6_6110/qt6_6110/qt.qt6.6110.linux_gcc_64/6.11.0-0-202603180534qttranslations-Linux-RHEL_9_6-GCC-Linux-RHEL_9_6-X86_64.7z.sha256
2026-08-03 11:04:52,200 - aqt.helper - INFO - helper 140427515135808 Downloading qttools...
2026-08-03 11:04:52,201 - aqt.installer - DEBUG - installer 140427515135808 Download URL: https://download.qt.io/online/qtsdkrepository/linux_x64/desktop/qt6_6110/qt6_6110/qt.qt6.6110.linux_gcc_64/6.11.0-0-202603180534qttools-Linux-RHEL_9_6-GCC-Linux-RHEL_9_6-X86_64.7z
2026-08-03 11:04:52,928 - aqt.helper - INFO - helper 139640116946752 Downloading qttranslations...
2026-08-03 11:04:52,930 - aqt.installer - DEBUG - installer 139640116946752 Download URL: https://download.qt.io/online/qtsdkrepository/linux_x64/desktop/qt6_6110/qt6_6110/qt.qt6.6110.linux_gcc_64/6.11.0-0-202603180534qttranslations-Linux-RHEL_9_6-GCC-Linux-RHEL_9_6-X86_64.7z
2026-08-03 11:04:53,822 - aqt.helper - DEBUG - helper 140427515135808 Asked to redirect(302) to: https://qt.mirror.constant.com/online/qtsdkrepository/linux_x64/desktop/qt6_6110/qt6_6110/qt.qt6.6110.linux_gcc_64/6.11.0-0-202603180534qttools-Linux-RHEL_9_6-GCC-Linux-RHEL_9_6-X86_64.7z
2026-08-03 11:04:53,823 - aqt.helper - INFO - helper 140427515135808 Redirected: qt.mirror.constant.com
2026-08-03 11:04:54,577 - aqt.helper - DEBUG - helper 139640116946752 Asked to redirect(302) to: https://qt.mirror.constant.com/online/qtsdkrepository/linux_x64/desktop/qt6_6110/qt6_6110/qt.qt6.6110.linux_gcc_64/6.11.0-0-202603180534qttranslations-Linux-RHEL_9_6-GCC-Linux-RHEL_9_6-X86_64.7z
2026-08-03 11:04:54,580 - aqt.helper - INFO - helper 139640116946752 Redirected: qt.mirror.constant.com
2026-08-03 11:04:56,472 - aqt.installer - INFO - installer 134378484594496 Finished installation of qtbase-Linux-RHEL_9_6-GCC-Linux-RHEL_9_6-X86_64.7z in 11.12163372
2026-08-03 11:04:56,507 - aqt.helper - DEBUG - helper 134378484594496 Attempt to download checksum at https://download.qt.io/online/qtsdkrepository/linux_x64/desktop/qt6_6110/qt6_6110/qt.qt6.6110.linux_gcc_64/6.11.0-0-202603180534qtwayland-Linux-RHEL_9_6-GCC-Linux-RHEL_9_6-X86_64.7z.sha256
2026-08-03 11:04:57,391 - aqt.installer - INFO - installer 139640116946752 Finished installation of qttranslations-Linux-RHEL_9_6-GCC-Linux-RHEL_9_6-X86_64.7z in 6.13315800
2026-08-03 11:04:57,418 - aqt.helper - DEBUG - helper 139640116946752 Attempt to download checksum at https://download.qt.io/online/qtsdkrepository/linux_x64/desktop/qt6_6110/qt6_6110/qt.qt6.6110.linux_gcc_64/6.11.0-0-202603180534icu-linux-Rhel8.6-x86_64.7z.sha256
2026-08-03 11:04:58,217 - aqt.helper - INFO - helper 134378484594496 Downloading qtwayland...
2026-08-03 11:04:58,218 - aqt.installer - DEBUG - installer 134378484594496 Download URL: https://download.qt.io/online/qtsdkrepository/linux_x64/desktop/qt6_6110/qt6_6110/qt.qt6.6110.linux_gcc_64/6.11.0-0-202603180534qtwayland-Linux-RHEL_9_6-GCC-Linux-RHEL_9_6-X86_64.7z
2026-08-03 11:04:59,889 - aqt.helper - DEBUG - helper 134378484594496 Asked to redirect(302) to: https://qt.mirror.constant.com/online/qtsdkrepository/linux_x64/desktop/qt6_6110/qt6_6110/qt.qt6.6110.linux_gcc_64/6.11.0-0-202603180534qtwayland-Linux-RHEL_9_6-GCC-Linux-RHEL_9_6-X86_64.7z
2026-08-03 11:04:59,890 - aqt.helper - INFO - helper 134378484594496 Redirected: qt.mirror.constant.com
2026-08-03 11:05:00,273 - aqt.helper - INFO - helper 139640116946752 Downloading icu...
2026-08-03 11:05:00,274 - aqt.installer - DEBUG - installer 139640116946752 Download URL: https://download.qt.io/online/qtsdkrepository/linux_x64/desktop/qt6_6110/qt6_6110/qt.qt6.6110.linux_gcc_64/6.11.0-0-202603180534icu-linux-Rhel8.6-x86_64.7z
2026-08-03 11:05:00,724 - aqt.installer - INFO - installer 140427515135808 Finished installation of qttools-Linux-RHEL_9_6-GCC-Linux-RHEL_9_6-X86_64.7z in 10.12828584
2026-08-03 11:05:01,590 - aqt.installer - INFO - installer 134378484594496 Finished installation of qtwayland-Linux-RHEL_9_6-GCC-Linux-RHEL_9_6-X86_64.7z in 5.08922279
2026-08-03 11:05:05,898 - aqt.helper - DEBUG - helper 139640116946752 Asked to redirect(302) to: https://qt.mirror.constant.com/online/qtsdkrepository/linux_x64/desktop/qt6_6110/qt6_6110/qt.qt6.6110.linux_gcc_64/6.11.0-0-202603180534icu-linux-Rhel8.6-x86_64.7z
2026-08-03 11:05:05,900 - aqt.helper - INFO - helper 139640116946752 Redirected: qt.mirror.constant.com
2026-08-03 11:05:09,916 - aqt.installer - INFO - installer 139640116946752 Finished installation of icu-linux-Rhel8.6-x86_64.7z in 10.40213376
2026-08-03 11:05:18,340 - aqt.installer - INFO - installer 130160612022080 Finished installation of qtdeclarative-Linux-RHEL_9_6-GCC-Linux-RHEL_9_6-X86_64.7z in 30.87618182
2026-08-03 11:05:18,506 - aqt.updater - INFO - updater 126808914581312 Patching /home/diaoy/Qt/6.11.0/gcc_64/bin/qmake
2026-08-03 11:05:18,514 - aqt.updater - INFO - updater 126808914581312 Patching /home/diaoy/Qt/6.11.0/gcc_64/lib/pkgconfig/Qt6LabsQmlModels.pc
2026-08-03 11:05:18,516 - aqt.updater - INFO - updater 126808914581312 Patching /home/diaoy/Qt/6.11.0/gcc_64/lib/pkgconfig/Qt6QuickDialogs2Utils.pc
2026-08-03 11:05:18,518 - aqt.updater - INFO - updater 126808914581312 Patching /home/diaoy/Qt/6.11.0/gcc_64/lib/pkgconfig/Qt6QuickControls2.pc
2026-08-03 11:05:18,519 - aqt.updater - INFO - updater 126808914581312 Patching /home/diaoy/Qt/6.11.0/gcc_64/lib/pkgconfig/Qt6QuickControls2FluentWinUI3StyleImpl.pc
2026-08-03 11:05:18,520 - aqt.updater - INFO - updater 126808914581312 Patching /home/diaoy/Qt/6.11.0/gcc_64/lib/pkgconfig/Qt6QuickShapes.pc
2026-08-03 11:05:18,521 - aqt.updater - INFO - updater 126808914581312 Patching /home/diaoy/Qt/6.11.0/gcc_64/lib/pkgconfig/Qt6Gui.pc
2026-08-03 11:05:18,522 - aqt.updater - INFO - updater 126808914581312 Patching /home/diaoy/Qt/6.11.0/gcc_64/lib/pkgconfig/Qt6Designer.pc
2026-08-03 11:05:18,523 - aqt.updater - INFO - updater 126808914581312 Patching /home/diaoy/Qt/6.11.0/gcc_64/lib/pkgconfig/Qt6QuickVectorImageHelpers.pc
2026-08-03 11:05:18,524 - aqt.updater - INFO - updater 126808914581312 Patching /home/diaoy/Qt/6.11.0/gcc_64/lib/pkgconfig/Qt6QmlCore.pc
2026-08-03 11:05:18,525 - aqt.updater - INFO - updater 126808914581312 Patching /home/diaoy/Qt/6.11.0/gcc_64/lib/pkgconfig/Qt6DBus.pc
2026-08-03 11:05:18,526 - aqt.updater - INFO - updater 126808914581312 Patching /home/diaoy/Qt/6.11.0/gcc_64/lib/pkgconfig/Qt6OpenGL.pc
2026-08-03 11:05:18,527 - aqt.updater - INFO - updater 126808914581312 Patching /home/diaoy/Qt/6.11.0/gcc_64/lib/pkgconfig/Qt6QuickControls2BasicStyleImpl.pc
2026-08-03 11:05:18,528 - aqt.updater - INFO - updater 126808914581312 Patching /home/diaoy/Qt/6.11.0/gcc_64/lib/pkgconfig/Qt6SvgWidgets.pc
2026-08-03 11:05:18,529 - aqt.updater - INFO - updater 126808914581312 Patching /home/diaoy/Qt/6.11.0/gcc_64/lib/pkgconfig/Qt6LabsSynchronizer.pc
2026-08-03 11:05:18,530 - aqt.updater - INFO - updater 126808914581312 Patching /home/diaoy/Qt/6.11.0/gcc_64/lib/pkgconfig/Qt6Xml.pc
2026-08-03 11:05:18,531 - aqt.updater - INFO - updater 126808914581312 Patching /home/diaoy/Qt/6.11.0/gcc_64/lib/pkgconfig/Qt6LabsPlatform.pc
2026-08-03 11:05:18,532 - aqt.updater - INFO - updater 126808914581312 Patching /home/diaoy/Qt/6.11.0/gcc_64/lib/pkgconfig/Qt6QuickLayouts.pc
2026-08-03 11:05:18,534 - aqt.updater - INFO - updater 126808914581312 Patching /home/diaoy/Qt/6.11.0/gcc_64/lib/pkgconfig/Qt6Qml.pc
2026-08-03 11:05:18,535 - aqt.updater - INFO - updater 126808914581312 Patching /home/diaoy/Qt/6.11.0/gcc_64/lib/pkgconfig/Qt6LabsWavefrontMesh.pc
2026-08-03 11:05:18,535 - aqt.updater - INFO - updater 126808914581312 Patching /home/diaoy/Qt/6.11.0/gcc_64/lib/pkgconfig/Qt6LabsSettings.pc
2026-08-03 11:05:18,536 - aqt.updater - INFO - updater 126808914581312 Patching /home/diaoy/Qt/6.11.0/gcc_64/lib/pkgconfig/Qt6QmlNetwork.pc
2026-08-03 11:05:18,537 - aqt.updater - INFO - updater 126808914581312 Patching /home/diaoy/Qt/6.11.0/gcc_64/lib/pkgconfig/Qt6Help.pc
2026-08-03 11:05:18,538 - aqt.updater - INFO - updater 126808914581312 Patching /home/diaoy/Qt/6.11.0/gcc_64/lib/pkgconfig/Qt6QuickControls2Imagine.pc
2026-08-03 11:05:18,539 - aqt.updater - INFO - updater 126808914581312 Patching /home/diaoy/Qt/6.11.0/gcc_64/lib/pkgconfig/Qt6QmlModels.pc
2026-08-03 11:05:18,540 - aqt.updater - INFO - updater 126808914581312 Patching /home/diaoy/Qt/6.11.0/gcc_64/lib/pkgconfig/Qt6LabsStyleKit.pc
2026-08-03 11:05:18,541 - aqt.updater - INFO - updater 126808914581312 Patching /home/diaoy/Qt/6.11.0/gcc_64/lib/pkgconfig/Qt6PrintSupport.pc
2026-08-03 11:05:18,541 - aqt.updater - INFO - updater 126808914581312 Patching /home/diaoy/Qt/6.11.0/gcc_64/lib/pkgconfig/Qt6QuickControls2Universal.pc
2026-08-03 11:05:18,542 - aqt.updater - INFO - updater 126808914581312 Patching /home/diaoy/Qt/6.11.0/gcc_64/lib/pkgconfig/Qt6Network.pc
2026-08-03 11:05:18,543 - aqt.updater - INFO - updater 126808914581312 Patching /home/diaoy/Qt/6.11.0/gcc_64/lib/pkgconfig/Qt6Widgets.pc
2026-08-03 11:05:18,545 - aqt.updater - INFO - updater 126808914581312 Patching /home/diaoy/Qt/6.11.0/gcc_64/lib/pkgconfig/Qt6QmlCompiler.pc
2026-08-03 11:05:18,548 - aqt.updater - INFO - updater 126808914581312 Patching /home/diaoy/Qt/6.11.0/gcc_64/lib/pkgconfig/Qt6Core.pc
2026-08-03 11:05:18,552 - aqt.updater - INFO - updater 126808914581312 Patching /home/diaoy/Qt/6.11.0/gcc_64/lib/pkgconfig/Qt6UiPlugin.pc
2026-08-03 11:05:18,553 - aqt.updater - INFO - updater 126808914581312 Patching /home/diaoy/Qt/6.11.0/gcc_64/lib/pkgconfig/Qt6QuickControls2Fusion.pc
2026-08-03 11:05:18,554 - aqt.updater - INFO - updater 126808914581312 Patching /home/diaoy/Qt/6.11.0/gcc_64/lib/pkgconfig/Qt6QuickControls2MaterialStyleImpl.pc
2026-08-03 11:05:18,555 - aqt.updater - INFO - updater 126808914581312 Patching /home/diaoy/Qt/6.11.0/gcc_64/lib/pkgconfig/Qt6QuickControls2Material.pc
2026-08-03 11:05:18,556 - aqt.updater - INFO - updater 126808914581312 Patching /home/diaoy/Qt/6.11.0/gcc_64/lib/pkgconfig/Qt6Concurrent.pc
2026-08-03 11:05:18,556 - aqt.updater - INFO - updater 126808914581312 Patching /home/diaoy/Qt/6.11.0/gcc_64/lib/pkgconfig/Qt6Sql.pc
2026-08-03 11:05:18,557 - aqt.updater - INFO - updater 126808914581312 Patching /home/diaoy/Qt/6.11.0/gcc_64/lib/pkgconfig/Qt6Quick.pc
2026-08-03 11:05:18,559 - aqt.updater - INFO - updater 126808914581312 Patching /home/diaoy/Qt/6.11.0/gcc_64/lib/pkgconfig/Qt6QmlWorkerScript.pc
2026-08-03 11:05:18,560 - aqt.updater - INFO - updater 126808914581312 Patching /home/diaoy/Qt/6.11.0/gcc_64/lib/pkgconfig/Qt6QmlIntegration.pc
2026-08-03 11:05:18,561 - aqt.updater - INFO - updater 126808914581312 Patching /home/diaoy/Qt/6.11.0/gcc_64/lib/pkgconfig/Qt6OpenGLWidgets.pc
2026-08-03 11:05:18,562 - aqt.updater - INFO - updater 126808914581312 Patching /home/diaoy/Qt/6.11.0/gcc_64/lib/pkgconfig/Qt6LabsAnimation.pc
2026-08-03 11:05:18,563 - aqt.updater - INFO - updater 126808914581312 Patching /home/diaoy/Qt/6.11.0/gcc_64/lib/pkgconfig/Qt6QuickEffects.pc
2026-08-03 11:05:18,563 - aqt.updater - INFO - updater 126808914581312 Patching /home/diaoy/Qt/6.11.0/gcc_64/lib/pkgconfig/Qt6QuickControls2Impl.pc
2026-08-03 11:05:18,564 - aqt.updater - INFO - updater 126808914581312 Patching /home/diaoy/Qt/6.11.0/gcc_64/lib/pkgconfig/Qt6QuickControls2Basic.pc
2026-08-03 11:05:18,569 - aqt.updater - INFO - updater 126808914581312 Patching /home/diaoy/Qt/6.11.0/gcc_64/lib/pkgconfig/Qt6QmlLocalStorage.pc
2026-08-03 11:05:18,573 - aqt.updater - INFO - updater 126808914581312 Patching /home/diaoy/Qt/6.11.0/gcc_64/lib/pkgconfig/Qt6QuickControls2UniversalStyleImpl.pc
2026-08-03 11:05:18,576 - aqt.updater - INFO - updater 126808914581312 Patching /home/diaoy/Qt/6.11.0/gcc_64/lib/pkgconfig/Qt6QuickDialogs2QuickImpl.pc
2026-08-03 11:05:18,578 - aqt.updater - INFO - updater 126808914581312 Patching /home/diaoy/Qt/6.11.0/gcc_64/lib/pkgconfig/Qt6Linguist.pc
2026-08-03 11:05:18,582 - aqt.updater - INFO - updater 126808914581312 Patching /home/diaoy/Qt/6.11.0/gcc_64/lib/pkgconfig/Qt6WaylandClient.pc
2026-08-03 11:05:18,583 - aqt.updater - INFO - updater 126808914581312 Patching /home/diaoy/Qt/6.11.0/gcc_64/lib/pkgconfig/Qt6Test.pc
2026-08-03 11:05:18,584 - aqt.updater - INFO - updater 126808914581312 Patching /home/diaoy/Qt/6.11.0/gcc_64/lib/pkgconfig/Qt6Platform.pc
2026-08-03 11:05:18,592 - aqt.updater - INFO - updater 126808914581312 Patching /home/diaoy/Qt/6.11.0/gcc_64/lib/pkgconfig/Qt6QuickTest.pc
2026-08-03 11:05:18,592 - aqt.updater - INFO - updater 126808914581312 Patching /home/diaoy/Qt/6.11.0/gcc_64/lib/pkgconfig/Qt6QuickVectorImage.pc
2026-08-03 11:05:18,593 - aqt.updater - INFO - updater 126808914581312 Patching /home/diaoy/Qt/6.11.0/gcc_64/lib/pkgconfig/Qt6QuickControls2ImagineStyleImpl.pc
2026-08-03 11:05:18,594 - aqt.updater - INFO - updater 126808914581312 Patching /home/diaoy/Qt/6.11.0/gcc_64/lib/pkgconfig/Qt6QuickTemplates2.pc
2026-08-03 11:05:18,595 - aqt.updater - INFO - updater 126808914581312 Patching /home/diaoy/Qt/6.11.0/gcc_64/lib/pkgconfig/Qt6QuickWidgets.pc
2026-08-03 11:05:18,596 - aqt.updater - INFO - updater 126808914581312 Patching /home/diaoy/Qt/6.11.0/gcc_64/lib/pkgconfig/Qt6QuickControls2FusionStyleImpl.pc
2026-08-03 11:05:18,597 - aqt.updater - INFO - updater 126808914581312 Patching /home/diaoy/Qt/6.11.0/gcc_64/lib/pkgconfig/Qt6QuickDialogs2.pc
2026-08-03 11:05:18,598 - aqt.updater - INFO - updater 126808914581312 Patching /home/diaoy/Qt/6.11.0/gcc_64/lib/pkgconfig/Qt6QmlMeta.pc
2026-08-03 11:05:18,599 - aqt.updater - INFO - updater 126808914581312 Patching /home/diaoy/Qt/6.11.0/gcc_64/lib/pkgconfig/Qt6QmlXmlListModel.pc
2026-08-03 11:05:18,600 - aqt.updater - INFO - updater 126808914581312 Patching /home/diaoy/Qt/6.11.0/gcc_64/lib/pkgconfig/Qt6LabsStyleKitImpl.pc
2026-08-03 11:05:18,600 - aqt.updater - INFO - updater 126808914581312 Patching /home/diaoy/Qt/6.11.0/gcc_64/lib/pkgconfig/Qt6LabsFolderListModel.pc
2026-08-03 11:05:18,601 - aqt.updater - INFO - updater 126808914581312 Patching /home/diaoy/Qt/6.11.0/gcc_64/lib/pkgconfig/Qt6UiTools.pc
2026-08-03 11:05:18,602 - aqt.updater - INFO - updater 126808914581312 Patching /home/diaoy/Qt/6.11.0/gcc_64/lib/pkgconfig/Qt6Svg.pc
2026-08-03 11:05:18,604 - aqt.updater - INFO - updater 126808914581312 Patching /home/diaoy/Qt/6.11.0/gcc_64/lib/pkgconfig/Qt6LabsSharedImage.pc
2026-08-03 11:05:18,607 - aqt.updater - INFO - updater 126808914581312 Patching /home/diaoy/Qt/6.11.0/gcc_64/lib/libQt6LabsPlatform.prl
2026-08-03 11:05:18,610 - aqt.updater - INFO - updater 126808914581312 Patching /home/diaoy/Qt/6.11.0/gcc_64/lib/libQt6FbSupport.prl
2026-08-03 11:05:18,610 - aqt.updater - INFO - updater 126808914581312 Patching /home/diaoy/Qt/6.11.0/gcc_64/lib/libQt6QmlTypeRegistrar.prl
2026-08-03 11:05:18,614 - aqt.updater - INFO - updater 126808914581312 Patching /home/diaoy/Qt/6.11.0/gcc_64/lib/libQt6Test.prl
2026-08-03 11:05:18,615 - aqt.updater - INFO - updater 126808914581312 Patching /home/diaoy/Qt/6.11.0/gcc_64/lib/libQt6Qml.prl
2026-08-03 11:05:18,617 - aqt.updater - INFO - updater 126808914581312 Patching /home/diaoy/Qt/6.11.0/gcc_64/lib/libQt6QuickDialogs2Utils.prl
2026-08-03 11:05:18,619 - aqt.updater - INFO - updater 126808914581312 Patching /home/diaoy/Qt/6.11.0/gcc_64/lib/libQt6DBus.prl
2026-08-03 11:05:18,621 - aqt.updater - INFO - updater 126808914581312 Patching /home/diaoy/Qt/6.11.0/gcc_64/lib/libQt6QuickTestUtils.prl
2026-08-03 11:05:18,623 - aqt.updater - INFO - updater 126808914581312 Patching /home/diaoy/Qt/6.11.0/gcc_64/lib/libQt6LabsStyleKit.prl
2026-08-03 11:05:18,624 - aqt.updater - INFO - updater 126808914581312 Patching /home/diaoy/Qt/6.11.0/gcc_64/lib/libQt6PacketProtocol.prl
2026-08-03 11:05:18,625 - aqt.updater - INFO - updater 126808914581312 Patching /home/diaoy/Qt/6.11.0/gcc_64/lib/libQt6InputSupport.prl
2026-08-03 11:05:18,627 - aqt.updater - INFO - updater 126808914581312 Patching /home/diaoy/Qt/6.11.0/gcc_64/lib/libQt6XcbQpa.prl
2026-08-03 11:05:18,629 - aqt.updater - INFO - updater 126808914581312 Patching /home/diaoy/Qt/6.11.0/gcc_64/lib/libQt6OpenGLWidgets.prl
2026-08-03 11:05:18,631 - aqt.updater - INFO - updater 126808914581312 Patching /home/diaoy/Qt/6.11.0/gcc_64/lib/libQt6SvgWidgets.prl
2026-08-03 11:05:18,633 - aqt.updater - INFO - updater 126808914581312 Patching /home/diaoy/Qt/6.11.0/gcc_64/lib/libQt6QuickControls2Impl.prl
2026-08-03 11:05:18,634 - aqt.updater - INFO - updater 126808914581312 Patching /home/diaoy/Qt/6.11.0/gcc_64/lib/libQt6QuickControlsTestUtils.prl
2026-08-03 11:05:18,636 - aqt.updater - INFO - updater 126808914581312 Patching /home/diaoy/Qt/6.11.0/gcc_64/lib/libQt6QmlModels.prl
2026-08-03 11:05:18,638 - aqt.updater - INFO - updater 126808914581312 Patching /home/diaoy/Qt/6.11.0/gcc_64/lib/libQt6QmlWorkerScript.prl
2026-08-03 11:05:18,640 - aqt.updater - INFO - updater 126808914581312 Patching /home/diaoy/Qt/6.11.0/gcc_64/lib/libQt6LabsAnimation.prl
2026-08-03 11:05:18,641 - aqt.updater - INFO - updater 126808914581312 Patching /home/diaoy/Qt/6.11.0/gcc_64/lib/libQt6QuickParticles.prl
2026-08-03 11:05:18,641 - aqt.updater - INFO - updater 126808914581312 Patching /home/diaoy/Qt/6.11.0/gcc_64/lib/libQt6QmlCore.prl
2026-08-03 11:05:18,642 - aqt.updater - INFO - updater 126808914581312 Patching /home/diaoy/Qt/6.11.0/gcc_64/lib/libQt6QmlCompiler.prl
2026-08-03 11:05:18,645 - aqt.updater - INFO - updater 126808914581312 Patching /home/diaoy/Qt/6.11.0/gcc_64/lib/libQt6QmlDebug.prl
2026-08-03 11:05:18,646 - aqt.updater - INFO - updater 126808914581312 Patching /home/diaoy/Qt/6.11.0/gcc_64/lib/libQt6Network.prl
2026-08-03 11:05:18,646 - aqt.updater - INFO - updater 126808914581312 Patching /home/diaoy/Qt/6.11.0/gcc_64/lib/libQt6KmsSupport.prl
2026-08-03 11:05:18,647 - aqt.updater - INFO - updater 126808914581312 Patching /home/diaoy/Qt/6.11.0/gcc_64/lib/libQt6LabsSharedImage.prl
2026-08-03 11:05:18,648 - aqt.updater - INFO - updater 126808914581312 Patching /home/diaoy/Qt/6.11.0/gcc_64/lib/libQt6EglFsKmsGbmSupport.prl
2026-08-03 11:05:18,649 - aqt.updater - INFO - updater 126808914581312 Patching /home/diaoy/Qt/6.11.0/gcc_64/lib/libQt6QmlToolingSettings.prl
2026-08-03 11:05:18,649 - aqt.updater - INFO - updater 126808914581312 Patching /home/diaoy/Qt/6.11.0/gcc_64/lib/libQt6QuickShapesDesignHelpers.prl
2026-08-03 11:05:18,650 - aqt.updater - INFO - updater 126808914581312 Patching /home/diaoy/Qt/6.11.0/gcc_64/lib/libQt6QuickShapes.prl
2026-08-03 11:05:18,651 - aqt.updater - INFO - updater 126808914581312 Patching /home/diaoy/Qt/6.11.0/gcc_64/lib/libQt6QuickEffects.prl
2026-08-03 11:05:18,651 - aqt.updater - INFO - updater 126808914581312 Patching /home/diaoy/Qt/6.11.0/gcc_64/lib/libQt6QuickControls2Material.prl
2026-08-03 11:05:18,652 - aqt.updater - INFO - updater 126808914581312 Patching /home/diaoy/Qt/6.11.0/gcc_64/lib/libQt6DesignerComponents.prl
2026-08-03 11:05:18,654 - aqt.updater - INFO - updater 126808914581312 Patching /home/diaoy/Qt/6.11.0/gcc_64/lib/libQt6QuickControls2Basic.prl
2026-08-03 11:05:18,658 - aqt.updater - INFO - updater 126808914581312 Patching /home/diaoy/Qt/6.11.0/gcc_64/lib/libQt6QuickVectorImageGenerator.prl
2026-08-03 11:05:18,658 - aqt.updater - INFO - updater 126808914581312 Patching /home/diaoy/Qt/6.11.0/gcc_64/lib/libQt6QuickLayouts.prl
2026-08-03 11:05:18,659 - aqt.updater - INFO - updater 126808914581312 Patching /home/diaoy/Qt/6.11.0/gcc_64/lib/libQt6PrintSupport.prl
2026-08-03 11:05:18,660 - aqt.updater - INFO - updater 126808914581312 Patching /home/diaoy/Qt/6.11.0/gcc_64/lib/libQt6QuickControls2Imagine.prl
2026-08-03 11:05:18,661 - aqt.updater - INFO - updater 126808914581312 Patching /home/diaoy/Qt/6.11.0/gcc_64/lib/libQt6Svg.prl
2026-08-03 11:05:18,662 - aqt.updater - INFO - updater 126808914581312 Patching /home/diaoy/Qt/6.11.0/gcc_64/lib/libQt6WlShellIntegration.prl
2026-08-03 11:05:18,662 - aqt.updater - INFO - updater 126808914581312 Patching /home/diaoy/Qt/6.11.0/gcc_64/lib/libQt6UiTools.prl
2026-08-03 11:05:18,663 - aqt.updater - INFO - updater 126808914581312 Patching /home/diaoy/Qt/6.11.0/gcc_64/lib/libQt6QuickControls2FluentWinUI3StyleImpl.prl
2026-08-03 11:05:18,664 - aqt.updater - INFO - updater 126808914581312 Patching /home/diaoy/Qt/6.11.0/gcc_64/lib/libQt6QuickWidgets.prl
2026-08-03 11:05:18,665 - aqt.updater - INFO - updater 126808914581312 Patching /home/diaoy/Qt/6.11.0/gcc_64/lib/libQt6Quick.prl
2026-08-03 11:05:18,666 - aqt.updater - INFO - updater 126808914581312 Patching /home/diaoy/Qt/6.11.0/gcc_64/lib/libQt6QmlMeta.prl
2026-08-03 11:05:18,667 - aqt.updater - INFO - updater 126808914581312 Patching /home/diaoy/Qt/6.11.0/gcc_64/lib/libQt6Widgets.prl
2026-08-03 11:05:18,668 - aqt.updater - INFO - updater 126808914581312 Patching /home/diaoy/Qt/6.11.0/gcc_64/lib/libQt6LabsSettings.prl
2026-08-03 11:05:18,669 - aqt.updater - INFO - updater 126808914581312 Patching /home/diaoy/Qt/6.11.0/gcc_64/lib/libQt6LabsFolderListModel.prl
2026-08-03 11:05:18,670 - aqt.updater - INFO - updater 126808914581312 Patching /home/diaoy/Qt/6.11.0/gcc_64/lib/libQt6QuickControls2BasicStyleImpl.prl
2026-08-03 11:05:18,671 - aqt.updater - INFO - updater 126808914581312 Patching /home/diaoy/Qt/6.11.0/gcc_64/lib/libQt6QmlNetwork.prl
2026-08-03 11:05:18,671 - aqt.updater - INFO - updater 126808914581312 Patching /home/diaoy/Qt/6.11.0/gcc_64/lib/libQt6DeviceDiscoverySupport.prl
2026-08-03 11:05:18,672 - aqt.updater - INFO - updater 126808914581312 Patching /home/diaoy/Qt/6.11.0/gcc_64/lib/libQt6Concurrent.prl
2026-08-03 11:05:18,673 - aqt.updater - INFO - updater 126808914581312 Patching /home/diaoy/Qt/6.11.0/gcc_64/lib/libQt6QuickControls2ImagineStyleImpl.prl
2026-08-03 11:05:18,673 - aqt.updater - INFO - updater 126808914581312 Patching /home/diaoy/Qt/6.11.0/gcc_64/lib/libQt6QmlDom.prl
2026-08-03 11:05:18,674 - aqt.updater - INFO - updater 126808914581312 Patching /home/diaoy/Qt/6.11.0/gcc_64/lib/libQt6WaylandClient.prl
2026-08-03 11:05:18,674 - aqt.updater - INFO - updater 126808914581312 Patching /home/diaoy/Qt/6.11.0/gcc_64/lib/libQt6LabsQmlModels.prl
2026-08-03 11:05:18,675 - aqt.updater - INFO - updater 126808914581312 Patching /home/diaoy/Qt/6.11.0/gcc_64/lib/libQt6QuickDialogs2.prl
2026-08-03 11:05:18,675 - aqt.updater - INFO - updater 126808914581312 Patching /home/diaoy/Qt/6.11.0/gcc_64/lib/libQt6QuickVectorImage.prl
2026-08-03 11:05:18,676 - aqt.updater - INFO - updater 126808914581312 Patching /home/diaoy/Qt/6.11.0/gcc_64/lib/libQt6Gui.prl
2026-08-03 11:05:18,676 - aqt.updater - INFO - updater 126808914581312 Patching /home/diaoy/Qt/6.11.0/gcc_64/lib/libQt6QmlXmlListModel.prl
2026-08-03 11:05:18,677 - aqt.updater - INFO - updater 126808914581312 Patching /home/diaoy/Qt/6.11.0/gcc_64/lib/libQt6QuickTemplates2.prl
2026-08-03 11:05:18,677 - aqt.updater - INFO - updater 126808914581312 Patching /home/diaoy/Qt/6.11.0/gcc_64/lib/libQt6QuickTest.prl
2026-08-03 11:05:18,677 - aqt.updater - INFO - updater 126808914581312 Patching /home/diaoy/Qt/6.11.0/gcc_64/lib/libQt6QuickControls2.prl
2026-08-03 11:05:18,678 - aqt.updater - INFO - updater 126808914581312 Patching /home/diaoy/Qt/6.11.0/gcc_64/lib/libQt6Designer.prl
2026-08-03 11:05:18,679 - aqt.updater - INFO - updater 126808914581312 Patching /home/diaoy/Qt/6.11.0/gcc_64/lib/libQt6QmlFormat.prl
2026-08-03 11:05:18,681 - aqt.updater - INFO - updater 126808914581312 Patching /home/diaoy/Qt/6.11.0/gcc_64/lib/libQt6LabsWavefrontMesh.prl
2026-08-03 11:05:18,682 - aqt.updater - INFO - updater 126808914581312 Patching /home/diaoy/Qt/6.11.0/gcc_64/lib/libQt6OpenGL.prl
2026-08-03 11:05:18,682 - aqt.updater - INFO - updater 126808914581312 Patching /home/diaoy/Qt/6.11.0/gcc_64/lib/libQt6Xml.prl
2026-08-03 11:05:18,683 - aqt.updater - INFO - updater 126808914581312 Patching /home/diaoy/Qt/6.11.0/gcc_64/lib/libQt6QuickControls2Universal.prl
2026-08-03 11:05:18,683 - aqt.updater - INFO - updater 126808914581312 Patching /home/diaoy/Qt/6.11.0/gcc_64/lib/libQt6QuickControls2FusionStyleImpl.prl
2026-08-03 11:05:18,684 - aqt.updater - INFO - updater 126808914581312 Patching /home/diaoy/Qt/6.11.0/gcc_64/lib/libQt6LabsStyleKitImpl.prl
2026-08-03 11:05:18,684 - aqt.updater - INFO - updater 126808914581312 Patching /home/diaoy/Qt/6.11.0/gcc_64/lib/libQt6Help.prl
2026-08-03 11:05:18,685 - aqt.updater - INFO - updater 126808914581312 Patching /home/diaoy/Qt/6.11.0/gcc_64/lib/libQt6QuickVectorImageHelpers.prl
2026-08-03 11:05:18,685 - aqt.updater - INFO - updater 126808914581312 Patching /home/diaoy/Qt/6.11.0/gcc_64/lib/libQt6QmlLocalStorage.prl
2026-08-03 11:05:18,686 - aqt.updater - INFO - updater 126808914581312 Patching /home/diaoy/Qt/6.11.0/gcc_64/lib/libQt6EglFsKmsSupport.prl
2026-08-03 11:05:18,686 - aqt.updater - INFO - updater 126808914581312 Patching /home/diaoy/Qt/6.11.0/gcc_64/lib/libQt6QuickDialogs2QuickImpl.prl
2026-08-03 11:05:18,687 - aqt.updater - INFO - updater 126808914581312 Patching /home/diaoy/Qt/6.11.0/gcc_64/lib/libQt6LabsSynchronizer.prl
2026-08-03 11:05:18,687 - aqt.updater - INFO - updater 126808914581312 Patching /home/diaoy/Qt/6.11.0/gcc_64/lib/libQt6Core.prl
2026-08-03 11:05:18,688 - aqt.updater - INFO - updater 126808914581312 Patching /home/diaoy/Qt/6.11.0/gcc_64/lib/libQt6QuickControls2Fusion.prl
2026-08-03 11:05:18,689 - aqt.updater - INFO - updater 126808914581312 Patching /home/diaoy/Qt/6.11.0/gcc_64/lib/libQt6EglFSDeviceIntegration.prl
2026-08-03 11:05:18,690 - aqt.updater - INFO - updater 126808914581312 Patching /home/diaoy/Qt/6.11.0/gcc_64/lib/libQt6Sql.prl
2026-08-03 11:05:18,691 - aqt.updater - INFO - updater 126808914581312 Patching /home/diaoy/Qt/6.11.0/gcc_64/lib/libQt6QmlAssetDownloader.prl
2026-08-03 11:05:18,691 - aqt.updater - INFO - updater 126808914581312 Patching /home/diaoy/Qt/6.11.0/gcc_64/lib/libQt6QuickControls2MaterialStyleImpl.prl
2026-08-03 11:05:18,692 - aqt.updater - INFO - updater 126808914581312 Patching /home/diaoy/Qt/6.11.0/gcc_64/lib/libQt6QmlLS.prl
2026-08-03 11:05:18,693 - aqt.updater - INFO - updater 126808914581312 Patching /home/diaoy/Qt/6.11.0/gcc_64/lib/libQt6QuickControls2UniversalStyleImpl.prl
2026-08-03 11:05:18,693 - aqt.main - INFO - installer 126808914581312 Finished installation
2026-08-03 11:05:18,694 - aqt.main - INFO - installer 126808914581312 Time elapsed: 41.78570458 second
